
> an-q@1.0.0 build
> vite build

The CJS build of Vite's Node API is deprecated. See https://vite.dev/guide/troubleshooting.html#vite-cjs-node-api-deprecated for more details.
[36mvite v5.4.21 [32mbuilding for production...[36m[39m
transforming...
[32m笨・[39m 2899 modules transformed.
node_modules/lottie-web/build/player/lottie.js (14422:32): Use of eval in "node_modules/lottie-web/build/player/lottie.js" is strongly discouraged as it poses security risks and may cause issues with minification.
rendering chunks...
[plugin:vite:reporter] [plugin vite:reporter] 
(!) D:/JS/src/utils/userProgress.ts is dynamically imported by D:/JS/app/missions.ts, D:/JS/app/missions.ts but also statically imported by D:/JS/app/auth/loginScreen.tsx, D:/JS/app/create.tsx, D:/JS/app/index.tsx, D:/JS/app/mission.tsx, D:/JS/app/missionScreen.tsx, D:/JS/app/missions.ts, D:/JS/app/profile.tsx, D:/JS/app/quiz.tsx, D:/JS/src/App.tsx, dynamic import will not move module into another chunk.

[plugin:vite:reporter] [plugin vite:reporter] 
(!) D:/JS/app/missions.ts is dynamically imported by D:/JS/app/quiz.tsx, D:/JS/app/quiz.tsx but also statically imported by D:/JS/app/achievements.tsx, D:/JS/app/create.tsx, D:/JS/app/devmode.tsx, D:/JS/app/gacha.tsx, D:/JS/app/index.tsx, D:/JS/app/mission.tsx, D:/JS/app/missionScreen.tsx, D:/JS/app/music.tsx, D:/JS/app/profile.tsx, D:/JS/app/quiz.tsx, D:/JS/app/results.tsx, D:/JS/app/shop.tsx, D:/JS/app/statistics.tsx, D:/JS/app/title.tsx, D:/JS/src/RootLayout.tsx, dynamic import will not move module into another chunk.

computing gzip size...
[2mdist/[22m[32mindex.html                          [39m[1m[2m  1.57 kB[22m[1m[22m[2m 笏・gzip:   0.77 kB[22m
[2mdist/[22m[32massets/book_cyber-BUDfWZw2.png      [39m[1m[2m 67.21 kB[22m[1m[22m
[2mdist/[22m[32massets/coin_cyber-DVAdQVbl.png      [39m[1m[2m 81.57 kB[22m[1m[22m
[2mdist/[22m[32massets/back_arrow-M1fXmgYd.png      [39m[1m[2m116.25 kB[22m[1m[22m
[2mdist/[22m[32massets/romea-BMOu9j-2.png           [39m[1m[2m394.14 kB[22m[1m[22m
[2mdist/[22m[35massets/ImageCropper-mlvCelqx.css    [39m[1m[2m  0.07 kB[22m[1m[22m[2m 笏・gzip:   0.09 kB[22m
[2mdist/[22m[35massets/browse-bvngX-2K.css          [39m[1m[2m  0.07 kB[22m[1m[22m[2m 笏・gzip:   0.09 kB[22m
[2mdist/[22m[35massets/create-DwRoSEM2.css          [39m[1m[2m  0.45 kB[22m[1m[22m[2m 笏・gzip:   0.25 kB[22m
[2mdist/[22m[35massets/main-Da0KqUqU.css            [39m[1m[2m  0.70 kB[22m[1m[22m[2m 笏・gzip:   0.38 kB[22m
[2mdist/[22m[36massets/check-0dCj4wpA.js            [39m[1m[2m  0.34 kB[22m[1m[22m[2m 笏・gzip:   0.28 kB[22m[2m 笏・map:     0.81 kB[22m
[2mdist/[22m[36massets/clock-Zs8jruID.js            [39m[1m[2m  0.38 kB[22m[1m[22m[2m 笏・gzip:   0.30 kB[22m[2m 笏・map:     0.94 kB[22m
[2mdist/[22m[36massets/trending-up-CnZoF15t.js      [39m[1m[2m  0.40 kB[22m[1m[22m[2m 笏・gzip:   0.30 kB[22m[2m 笏・map:     0.96 kB[22m
[2mdist/[22m[36massets/user-lrIUdvLM.js             [39m[1m[2m  0.41 kB[22m[1m[22m[2m 笏・gzip:   0.32 kB[22m[2m 笏・map:     0.97 kB[22m
[2mdist/[22m[36massets/flame-80AM6O7n.js            [39m[1m[2m  0.41 kB[22m[1m[22m[2m 笏・gzip:   0.32 kB[22m[2m 笏・map:     0.92 kB[22m
[2mdist/[22m[36massets/lock-B9EjosL2.js             [39m[1m[2m  0.42 kB[22m[1m[22m[2m 笏・gzip:   0.33 kB[22m[2m 笏・map:     1.02 kB[22m
[2mdist/[22m[36massets/target-B3mTI9BZ.js           [39m[1m[2m  0.44 kB[22m[1m[22m[2m 笏・gzip:   0.30 kB[22m[2m 笏・map:     1.12 kB[22m
[2mdist/[22m[36massets/upload-EGK9XRfy.js           [39m[1m[2m  0.45 kB[22m[1m[22m[2m 笏・gzip:   0.33 kB[22m[2m 笏・map:     1.05 kB[22m
[2mdist/[22m[36massets/timer-Bw5w_deM.js            [39m[1m[2m  0.45 kB[22m[1m[22m[2m 笏・gzip:   0.32 kB[22m[2m 笏・map:     1.16 kB[22m
[2mdist/[22m[36massets/globe-DJlpSMCG.js            [39m[1m[2m  0.46 kB[22m[1m[22m[2m 笏・gzip:   0.33 kB[22m[2m 笏・map:     1.08 kB[22m
[2mdist/[22m[36massets/chart-column-D2cyFBQp.js     [39m[1m[2m  0.47 kB[22m[1m[22m[2m 笏・gzip:   0.33 kB[22m[2m 笏・map:     1.17 kB[22m
[2mdist/[22m[36massets/calendar-DGykPAaX.js         [39m[1m[2m  0.47 kB[22m[1m[22m[2m 笏・gzip:   0.34 kB[22m[2m 笏・map:     1.20 kB[22m
[2mdist/[22m[36massets/award-DDxxZKOC.js            [39m[1m[2m  0.49 kB[22m[1m[22m[2m 笏・gzip:   0.37 kB[22m[2m 笏・map:     1.08 kB[22m
[2mdist/[22m[36massets/pencil-GPTEgGmc.js           [39m[1m[2m  0.49 kB[22m[1m[22m[2m 笏・gzip:   0.36 kB[22m[2m 笏・map:     1.06 kB[22m
[2mdist/[22m[36massets/book-open-D3mS3LsN.js        [39m[1m[2m  0.50 kB[22m[1m[22m[2m 笏・gzip:   0.34 kB[22m[2m 笏・map:     1.08 kB[22m
[2mdist/[22m[36massets/folder-open-ByAYvtlL.js      [39m[1m[2m  0.51 kB[22m[1m[22m[2m 笏・gzip:   0.36 kB[22m[2m 笏・map:     1.05 kB[22m
[2mdist/[22m[36massets/trash-2-BHXajkSk.js          [39m[1m[2m  0.54 kB[22m[1m[22m[2m 笏・gzip:   0.35 kB[22m[2m 笏・map:     1.28 kB[22m
[2mdist/[22m[36massets/camera-CjwocOF9.js           [39m[1m[2m  0.55 kB[22m[1m[22m[2m 笏・gzip:   0.39 kB[22m[2m 笏・map:     1.15 kB[22m
[2mdist/[22m[36massets/shopping-bag-CdwY_8oy.js     [39m[1m[2m  0.56 kB[22m[1m[22m[2m 笏・gzip:   0.38 kB[22m[2m 笏・map:     1.23 kB[22m
[2mdist/[22m[36massets/crown-pHVLaofM.js            [39m[1m[2m  0.58 kB[22m[1m[22m[2m 笏・gzip:   0.40 kB[22m[2m 笏・map:     1.14 kB[22m
[2mdist/[22m[36massets/trophy-D7376UCp.js           [39m[1m[2m  0.69 kB[22m[1m[22m[2m 笏・gzip:   0.41 kB[22m[2m 笏・map:     1.49 kB[22m
[2mdist/[22m[36massets/settings-CedpmmsH.js         [39m[1m[2m  0.70 kB[22m[1m[22m[2m 笏・gzip:   0.39 kB[22m[2m 笏・map:     1.32 kB[22m
[2mdist/[22m[36massets/palette-UKsGICRl.js          [39m[1m[2m  0.73 kB[22m[1m[22m[2m 笏・gzip:   0.42 kB[22m[2m 笏・map:     1.66 kB[22m
[2mdist/[22m[36massets/animations-DVRqlvtS.js       [39m[1m[2m  0.94 kB[22m[1m[22m[2m 笏・gzip:   0.56 kB[22m[2m 笏・map:     4.16 kB[22m
[2mdist/[22m[36massets/publicQuestions-BmDR_Nh0.js  [39m[1m[2m  2.16 kB[22m[1m[22m[2m 笏・gzip:   1.14 kB[22m[2m 笏・map:     6.05 kB[22m
[2mdist/[22m[36massets/zap-CJ8ojA6u.js              [39m[1m[2m  2.17 kB[22m[1m[22m[2m 笏・gzip:   0.77 kB[22m[2m 笏・map:     5.12 kB[22m
[2mdist/[22m[36massets/ImageCropper-BU7Rqy0j.js     [39m[1m[2m  3.38 kB[22m[1m[22m[2m 笏・gzip:   1.66 kB[22m[2m 笏・map:    11.41 kB[22m
[2mdist/[22m[36massets/reorderConfirm-BZmYwPCg.js   [39m[1m[2m  3.47 kB[22m[1m[22m[2m 笏・gzip:   1.61 kB[22m[2m 笏・map:     9.93 kB[22m
[2mdist/[22m[36massets/createHub-DQRQVYnW.js        [39m[1m[2m  4.21 kB[22m[1m[22m[2m 笏・gzip:   1.69 kB[22m[2m 笏・map:    12.47 kB[22m
[2mdist/[22m[36massets/title-ChyMcbw6.js            [39m[1m[2m  4.35 kB[22m[1m[22m[2m 笏・gzip:   1.56 kB[22m[2m 笏・map:    12.59 kB[22m
[2mdist/[22m[36massets/mission-2CBXzltX.js          [39m[1m[2m  4.54 kB[22m[1m[22m[2m 笏・gzip:   1.90 kB[22m[2m 笏・map:    14.54 kB[22m
[2mdist/[22m[36massets/subHub-_yHxV6oV.js           [39m[1m[2m  4.72 kB[22m[1m[22m[2m 笏・gzip:   2.25 kB[22m[2m 笏・map:    13.19 kB[22m
[2mdist/[22m[36massets/multiHub-CJhmP-eA.js         [39m[1m[2m  4.72 kB[22m[1m[22m[2m 笏・gzip:   1.96 kB[22m[2m 笏・map:    13.74 kB[22m
[2mdist/[22m[36massets/achievements-CiMGxLFX.js     [39m[1m[2m  4.84 kB[22m[1m[22m[2m 笏・gzip:   1.95 kB[22m[2m 笏・map:    15.81 kB[22m
[2mdist/[22m[36massets/missionScreen-DPpcBsC3.js    [39m[1m[2m  5.35 kB[22m[1m[22m[2m 笏・gzip:   2.16 kB[22m[2m 笏・map:    16.33 kB[22m
[2mdist/[22m[36massets/devmode-Bzo3jwrY.js          [39m[1m[2m  5.38 kB[22m[1m[22m[2m 笏・gzip:   2.61 kB[22m[2m 笏・map:    15.34 kB[22m
[2mdist/[22m[36massets/credits-BpfnxX0o.js          [39m[1m[2m  5.45 kB[22m[1m[22m[2m 笏・gzip:   2.70 kB[22m[2m 笏・map:    15.97 kB[22m
[2mdist/[22m[36massets/loginScreen-Cr_7xV7p.js      [39m[1m[2m  6.49 kB[22m[1m[22m[2m 笏・gzip:   2.92 kB[22m[2m 笏・map:    20.33 kB[22m
[2mdist/[22m[36massets/timer-CqJDTeHV.js            [39m[1m[2m  7.49 kB[22m[1m[22m[2m 笏・gzip:   2.52 kB[22m[2m 笏・map:    23.30 kB[22m
[2mdist/[22m[36massets/appSettings-CA1TttW0.js      [39m[1m[2m  9.53 kB[22m[1m[22m[2m 笏・gzip:   2.99 kB[22m[2m 笏・map:    33.23 kB[22m
[2mdist/[22m[36massets/gacha-O3AbFJzs.js            [39m[1m[2m 10.98 kB[22m[1m[22m[2m 笏・gzip:   3.80 kB[22m[2m 笏・map:    32.69 kB[22m
[2mdist/[22m[36massets/multi-02cYcT0c.js            [39m[1m[2m 11.07 kB[22m[1m[22m[2m 笏・gzip:   3.96 kB[22m[2m 笏・map:    37.87 kB[22m
[2mdist/[22m[36massets/settings-BOapukx3.js         [39m[1m[2m 11.57 kB[22m[1m[22m[2m 笏・gzip:   3.79 kB[22m[2m 笏・map:    34.42 kB[22m
[2mdist/[22m[36massets/feedback-qQa3fQd4.js         [39m[1m[2m 12.06 kB[22m[1m[22m[2m 笏・gzip:   3.52 kB[22m[2m 笏・map:    36.73 kB[22m
[2mdist/[22m[36massets/music-BtTtoX2l.js            [39m[1m[2m 13.08 kB[22m[1m[22m[2m 笏・gzip:   3.87 kB[22m[2m 笏・map:    40.34 kB[22m
[2mdist/[22m[36massets/shop-CyS4iYmW.js             [39m[1m[2m 13.93 kB[22m[1m[22m[2m 笏・gzip:   4.31 kB[22m[2m 笏・map:    43.05 kB[22m
[2mdist/[22m[36massets/profile-CEkDIHAE.js          [39m[1m[2m 14.72 kB[22m[1m[22m[2m 笏・gzip:   4.59 kB[22m[2m 笏・map:    46.45 kB[22m
[2mdist/[22m[36massets/calendar-65zcGrCK.js         [39m[1m[2m 16.99 kB[22m[1m[22m[2m 笏・gzip:   5.34 kB[22m[2m 笏・map:    60.35 kB[22m
[2mdist/[22m[36massets/create-BkCu5OXX.js           [39m[1m[2m 42.32 kB[22m[1m[22m[2m 笏・gzip:  14.92 kB[22m[2m 笏・map:   171.62 kB[22m
[2mdist/[22m[36massets/browse-BN7d1ypU.js           [39m[1m[2m 42.38 kB[22m[1m[22m[2m 笏・gzip:  10.17 kB[22m[2m 笏・map:   147.10 kB[22m
[2mdist/[22m[36massets/index-rm-yY9Gu.js            [39m[1m[2m 60.39 kB[22m[1m[22m[2m 笏・gzip:  18.97 kB[22m[2m 笏・map:   139.43 kB[22m
[2mdist/[22m[36massets/results-CHN0Qc_G.js          [39m[1m[2m 80.61 kB[22m[1m[22m[2m 笏・gzip:   9.91 kB[22m[2m 笏・map:    28.09 kB[22m
[2mdist/[22m[36massets/react-vendor-vY9motwU.js     [39m[1m[2m160.97 kB[22m[1m[22m[2m 笏・gzip:  52.56 kB[22m[2m 笏・map:   708.28 kB[22m
[2mdist/[22m[36massets/statistics-mmRl_NTF.js       [39m[1m[2m394.48 kB[22m[1m[22m[2m 笏・gzip: 117.11 kB[22m[2m 笏・map: 2,063.80 kB[22m
[2mdist/[22m[36massets/firebase-vendor-CQWg73o7.js  [39m[1m[2m617.71 kB[22m[1m[22m[2m 笏・gzip: 145.92 kB[22m[2m 笏・map: 2,393.16 kB[22m
[2mdist/[22m[36massets/main-CFOj_4HU.js             [39m[1m[2m797.88 kB[22m[1m[22m[2m 笏・gzip: 208.97 kB[22m[2m 笏・map: 2,599.11 kB[22m
[32m笨・built in 18.57s[39m
